2025-06-23 22:00:47,318 - INFO - Starting extraction process
2025-06-23 22:00:47,318 - ERROR - Error during extraction: hacer_peticion() missing 1 required positional argument: 'url'
2025-06-23 22:00:47,318 - ERROR - Error in ETL pipeline: hacer_peticion() missing 1 required positional argument: 'url'
2025-06-23 22:06:27,451 - INFO - Starting extraction process
2025-06-23 22:06:27,451 - ERROR - Error during extraction: hacer_peticion() missing 1 required positional argument: 'url'
2025-06-23 22:06:27,451 - ERROR - Error in ETL pipeline: hacer_peticion() missing 1 required positional argument: 'url'
2025-06-23 22:07:53,111 - INFO - Starting extraction process
2025-06-23 23:45:30,418 - INFO - Extracted 819 rows
2025-06-23 23:45:30,419 - INFO - Starting transformation process
2025-06-23 23:45:30,421 - ERROR - Error during transformation: "['time_stamp_extraccion'] not in index"
2025-06-23 23:45:30,421 - ERROR - Error in ETL pipeline: "['time_stamp_extraccion'] not in index"
2025-06-24 06:58:08,155 - ERROR - Error in ETL pipeline: name 'df' is not defined
2025-06-24 06:58:58,195 - INFO - Starting extraction process
2025-06-24 06:59:47,971 - ERROR - Error during extraction: Invalid URL '': No scheme supplied. Perhaps you meant https://?
2025-06-24 06:59:47,971 - ERROR - Error in ETL pipeline: Invalid URL '': No scheme supplied. Perhaps you meant https://?
2025-06-24 07:01:54,679 - INFO - Starting extraction process
2025-06-24 07:02:09,495 - ERROR - Error during extraction: Invalid URL '': No scheme supplied. Perhaps you meant https://?
2025-06-24 07:02:09,495 - ERROR - Error in ETL pipeline: Invalid URL '': No scheme supplied. Perhaps you meant https://?
2025-06-24 07:05:33,035 - INFO - Starting extraction process
2025-06-24 07:05:48,238 - ERROR - Error during extraction: Invalid URL '': No scheme supplied. Perhaps you meant https://?
2025-06-24 07:05:48,238 - ERROR - Error in ETL pipeline: Invalid URL '': No scheme supplied. Perhaps you meant https://?
2025-06-24 07:06:01,278 - INFO - Starting extraction process
2025-06-24 07:06:21,655 - ERROR - Error during extraction: Invalid URL '': No scheme supplied. Perhaps you meant https://?
2025-06-24 07:06:21,655 - ERROR - Error in ETL pipeline: Invalid URL '': No scheme supplied. Perhaps you meant https://?
2025-06-24 07:26:01,432 - INFO - Starting extraction process
2025-06-24 07:26:18,960 - ERROR - Error during extraction: Invalid URL '': No scheme supplied. Perhaps you meant https://?
2025-06-24 07:26:18,960 - ERROR - Error in ETL pipeline: Invalid URL '': No scheme supplied. Perhaps you meant https://?
2025-06-24 07:50:48,413 - INFO - Starting extraction process
2025-06-24 07:51:03,160 - ERROR - Error during extraction: Invalid URL '': No scheme supplied. Perhaps you meant https://?
2025-06-24 07:51:03,160 - ERROR - Error in ETL pipeline: Invalid URL '': No scheme supplied. Perhaps you meant https://?
2025-06-24 07:57:24,830 - INFO - Starting extraction process
2025-06-24 07:57:43,331 - ERROR - Error during extraction: Invalid URL '': No scheme supplied. Perhaps you meant https://?
2025-06-24 07:57:43,331 - ERROR - Error in ETL pipeline: Invalid URL '': No scheme supplied. Perhaps you meant https://?
2025-06-24 08:18:39,899 - INFO - Starting extraction process
2025-06-24 08:18:39,899 - INFO - Inventario en caché encontrado, intentando usar caché
2025-06-24 08:18:39,913 - INFO - Inventario cargado desde caché
2025-06-24 09:51:21,436 - ERROR - Error during extraction: object of type 'NoneType' has no len()
2025-06-24 09:51:21,436 - ERROR - Error in ETL pipeline: object of type 'NoneType' has no len()
2025-06-24 09:59:53,202 - INFO - Starting extraction process
2025-06-24 09:59:53,203 - INFO - Inventario en caché encontrado, intentando usar caché
2025-06-24 09:59:53,212 - INFO - Inventario cargado desde caché
2025-06-24 11:23:47,329 - ERROR - Error during extraction: 'NoneType' object has no attribute 'to_pickle'
2025-06-24 11:23:47,330 - ERROR - Error in ETL pipeline: 'NoneType' object has no attribute 'to_pickle'
